Archive member included to satisfy reference by file (symbol)

../..\libAPIagb.a(vsync.c.o)  build/main.c.o (Vsync)
../..\libAPIagb.a(key_defs.c.o)
                              build/main.c.o (previous_key)
../..\libAPIagb.a(obj_clear_all.c.o)
                              build/main.c.o (obj_clear_all)
../..\libAPIagb.a(obj_palette_32.c.o)
                              build/main.c.o (obj_palette_32)
../..\libAPIagb.a(obj_tiles_32.c.o)
                              build/main.c.o (obj_tiles_32)
../..\libAPIagb.a(ob_aff_identity.c.o)
                              build/main.c.o (obj_aff_identity)
c:/devkitpro/devkitarm/bin/../lib/gcc/arm-none-eabi/5.3.0/../../../../arm-none-eabi/lib/thumb\libg.a(lib_a-init.o)
                              c:/devkitpro/devkitarm/bin/../lib/gcc/arm-none-eabi/5.3.0/../../../../arm-none-eabi/lib/thumb/gba_crt0.o (__libc_init_array)
c:/devkitpro/devkitarm/bin/../lib/gcc/arm-none-eabi/5.3.0/../../../../arm-none-eabi/lib/thumb\libsysbase.a(malloc_vars.o)
                              c:/devkitpro/devkitarm/bin/../lib/gcc/arm-none-eabi/5.3.0/../../../../arm-none-eabi/lib/thumb/gba_crt0.o (fake_heap_end)

Discarded input sections

 .text          0x00000000        0x0 c:/devkitpro/devkitarm/bin/../lib/gcc/arm-none-eabi/5.3.0/../../../../arm-none-eabi/lib/thumb/gba_crt0.o
 .data          0x00000000        0x0 c:/devkitpro/devkitarm/bin/../lib/gcc/arm-none-eabi/5.3.0/../../../../arm-none-eabi/lib/thumb/gba_crt0.o
 .bss           0x00000000        0x0 c:/devkitpro/devkitarm/bin/../lib/gcc/arm-none-eabi/5.3.0/../../../../arm-none-eabi/lib/thumb/gba_crt0.o
 .text          0x00000000        0x0 c:/devkitpro/devkitarm/bin/../lib/gcc/arm-none-eabi/5.3.0/thumb/crti.o
 .data          0x00000000        0x0 c:/devkitpro/devkitarm/bin/../lib/gcc/arm-none-eabi/5.3.0/thumb/crti.o
 .bss           0x00000000        0x0 c:/devkitpro/devkitarm/bin/../lib/gcc/arm-none-eabi/5.3.0/thumb/crti.o
 .data          0x00000000        0x4 c:/devkitpro/devkitarm/bin/../lib/gcc/arm-none-eabi/5.3.0/thumb/crtbegin.o
 .text          0x00000000        0x0 build/main.c.o
 .data          0x00000000        0x0 build/main.c.o
 .bss           0x00000000        0x0 build/main.c.o
 .text          0x00000000        0x0 build/marioBros.c.o
 .data          0x00000000        0x0 build/marioBros.c.o
 .bss           0x00000000        0x0 build/marioBros.c.o
 .text          0x00000000        0x0 build/marioPal.c.o
 .data          0x00000000        0x0 build/marioPal.c.o
 .bss           0x00000000        0x0 build/marioPal.c.o
 .data          0x00000000        0x0 ../..\libAPIagb.a(vsync.c.o)
 .bss           0x00000000        0x0 ../..\libAPIagb.a(vsync.c.o)
 .text          0x00000000        0x0 ../..\libAPIagb.a(key_defs.c.o)
 .data          0x00000000        0x0 ../..\libAPIagb.a(key_defs.c.o)
 .data          0x00000000        0x0 ../..\libAPIagb.a(obj_clear_all.c.o)
 .bss           0x00000000        0x0 ../..\libAPIagb.a(obj_clear_all.c.o)
 .data          0x00000000        0x0 ../..\libAPIagb.a(obj_palette_32.c.o)
 .bss           0x00000000        0x0 ../..\libAPIagb.a(obj_palette_32.c.o)
 .data          0x00000000        0x0 ../..\libAPIagb.a(obj_tiles_32.c.o)
 .bss           0x00000000        0x0 ../..\libAPIagb.a(obj_tiles_32.c.o)
 .data          0x00000000        0x0 ../..\libAPIagb.a(ob_aff_identity.c.o)
 .bss           0x00000000        0x0 ../..\libAPIagb.a(ob_aff_identity.c.o)
 .text          0x00000000        0x0 c:/devkitpro/devkitarm/bin/../lib/gcc/arm-none-eabi/5.3.0/../../../../arm-none-eabi/lib/thumb\libg.a(lib_a-init.o)
 .data          0x00000000        0x0 c:/devkitpro/devkitarm/bin/../lib/gcc/arm-none-eabi/5.3.0/../../../../arm-none-eabi/lib/thumb\libg.a(lib_a-init.o)
 .bss           0x00000000        0x0 c:/devkitpro/devkitarm/bin/../lib/gcc/arm-none-eabi/5.3.0/../../../../arm-none-eabi/lib/thumb\libg.a(lib_a-init.o)
 .text          0x00000000        0x0 c:/devkitpro/devkitarm/bin/../lib/gcc/arm-none-eabi/5.3.0/../../../../arm-none-eabi/lib/thumb\libsysbase.a(malloc_vars.o)
 .data          0x00000000        0x0 c:/devkitpro/devkitarm/bin/../lib/gcc/arm-none-eabi/5.3.0/../../../../arm-none-eabi/lib/thumb\libsysbase.a(malloc_vars.o)
 .text          0x00000000        0x0 c:/devkitpro/devkitarm/bin/../lib/gcc/arm-none-eabi/5.3.0/thumb/crtend.o
 .data          0x00000000        0x0 c:/devkitpro/devkitarm/bin/../lib/gcc/arm-none-eabi/5.3.0/thumb/crtend.o
 .bss           0x00000000        0x0 c:/devkitpro/devkitarm/bin/../lib/gcc/arm-none-eabi/5.3.0/thumb/crtend.o
 .text          0x00000000        0x0 c:/devkitpro/devkitarm/bin/../lib/gcc/arm-none-eabi/5.3.0/thumb/crtn.o
 .data          0x00000000        0x0 c:/devkitpro/devkitarm/bin/../lib/gcc/arm-none-eabi/5.3.0/thumb/crtn.o
 .bss           0x00000000        0x0 c:/devkitpro/devkitarm/bin/../lib/gcc/arm-none-eabi/5.3.0/thumb/crtn.o

Memory Configuration

Name             Origin             Length             Attributes
rom              0x08000000         0x02000000
iwram            0x03000000         0x00008000
ewram            0x02000000         0x00040000
*default*        0x00000000         0xffffffff

Linker script and memory map

                0x08000000                __text_start = ORIGIN (rom)
                0x02040000                __eheap_end = (ORIGIN (ewram) + 0x40000)
                0x03000000                __iwram_start = ORIGIN (iwram)
                0x03008000                __iwram_top = (ORIGIN (iwram) + 0x8000)
                0x03007fa0                __sp_irq = (__iwram_top - 0x60)
                0x03007f00                __sp_usr = (__sp_irq - 0xa0)
                0x03007ff8                __irq_flags = 0x3007ff8
                0x08000000                . = __text_start

.init           0x08000000      0x21c
 *(.init)
 .init          0x08000000      0x210 c:/devkitpro/devkitarm/bin/../lib/gcc/arm-none-eabi/5.3.0/../../../../arm-none-eabi/lib/thumb/gba_crt0.o
                0x08000000                _start
                0x080000c4                __boot_method
                0x080000c5                __slave_number
                0x080000e0                start_vector
 .init          0x08000210        0x4 c:/devkitpro/devkitarm/bin/../lib/gcc/arm-none-eabi/5.3.0/thumb/crti.o
                0x08000210                _init
 .init          0x08000214        0x8 c:/devkitpro/devkitarm/bin/../lib/gcc/arm-none-eabi/5.3.0/thumb/crtn.o
                0x0800021c                . = ALIGN (0x4)

.plt            0x0800021c        0x0
 *(.plt)
                0x0800021c                . = ALIGN (0x4)

.text           0x0800021c      0x320
 *(EXCLUDE_FILE(*.iwram*) .text)
 .text          0x0800021c       0xd4 c:/devkitpro/devkitarm/bin/../lib/gcc/arm-none-eabi/5.3.0/thumb/crtbegin.o
 .text          0x080002f0       0x18 ../..\libAPIagb.a(vsync.c.o)
                0x080002f0                Vsync
 .text          0x08000308       0x20 ../..\libAPIagb.a(obj_clear_all.c.o)
                0x08000308                obj_clear_all
 .text          0x08000328       0x1c ../..\libAPIagb.a(obj_palette_32.c.o)
                0x08000328                obj_palette_32
 .text          0x08000344       0x3c ../..\libAPIagb.a(obj_tiles_32.c.o)
                0x08000344                obj_tiles_32
 .text          0x08000380       0x30 ../..\libAPIagb.a(ob_aff_identity.c.o)
                0x08000380                obj_aff_identity
 *(.text .stub .text.* .gnu.linkonce.t.*)
 .text.startup  0x080003b0      0x134 build/main.c.o
                0x080003b0                main
 .text.__libc_init_array
                0x080004e4       0x58 c:/devkitpro/devkitarm/bin/../lib/gcc/arm-none-eabi/5.3.0/../../../../arm-none-eabi/lib/thumb\libg.a(lib_a-init.o)
                0x080004e4                __libc_init_array
 *(.text.*personality*)
 *(.gnu.warning)
 *(.glue_7t)
 .glue_7t       0x0800053c        0x0 linker stubs
 *(.glue_7)
 .glue_7        0x0800053c        0x0 linker stubs
 *(.vfp11_veneer)
 .vfp11_veneer  0x0800053c        0x0 linker stubs
                0x0800053c                . = ALIGN (0x4)
                0x0800053c                __text_end = .

.v4_bx          0x0800053c        0x0
 .v4_bx         0x0800053c        0x0 linker stubs

.iplt           0x0800053c        0x0
 .iplt          0x0800053c        0x0 c:/devkitpro/devkitarm/bin/../lib/gcc/arm-none-eabi/5.3.0/../../../../arm-none-eabi/lib/thumb/gba_crt0.o

.fini           0x0800053c        0xc
 *(.fini)
 .fini          0x0800053c        0x4 c:/devkitpro/devkitarm/bin/../lib/gcc/arm-none-eabi/5.3.0/thumb/crti.o
                0x0800053c                _fini
 .fini          0x08000540        0x8 c:/devkitpro/devkitarm/bin/../lib/gcc/arm-none-eabi/5.3.0/thumb/crtn.o
                0x08000548                . = ALIGN (0x4)

.rodata         0x08000548      0x120
 *(.rodata)
 .rodata        0x08000548      0x100 build/marioBros.c.o
                0x08000548                marioBrosTiles
 .rodata        0x08000648       0x20 build/marioPal.c.o
                0x08000648                marioPalette
 *all.rodata*(*)
 *(.roda)
 *(.rodata.*)
 *(.gnu.linkonce.r*)
                0x08000668                . = ALIGN (0x4)

.ARM.extab
 *(.ARM.extab* .gnu.linkonce.armextab.*)
                0x08000668                __exidx_start = .

.ARM.exidx
 *(.ARM.exidx* .gnu.linkonce.armexidx.*)
                0x08000668                __exidx_end = .

.ctors          0x08000668        0x0
 *crtbegin.o(.ctors)
 *(EXCLUDE_FILE(*crtend.o) .ctors)
 *(SORT(.ctors.*))
 *(.ctors)
                0x08000668                . = ALIGN (0x4)

.dtors          0x08000668        0x0
 *crtbegin.o(.dtors)
 *(EXCLUDE_FILE(*crtend.o) .dtors)
 *(SORT(.dtors.*))
 *(.dtors)
                0x08000668                . = ALIGN (0x4)

.eh_frame       0x08000668        0x4
 *(.eh_frame)
 .eh_frame      0x08000668        0x0 c:/devkitpro/devkitarm/bin/../lib/gcc/arm-none-eabi/5.3.0/thumb/crtbegin.o
 .eh_frame      0x08000668        0x4 c:/devkitpro/devkitarm/bin/../lib/gcc/arm-none-eabi/5.3.0/thumb/crtend.o
                0x0800066c                . = ALIGN (0x4)

.rel.dyn        0x0800066c        0x0
 .rel.iplt      0x0800066c        0x0 c:/devkitpro/devkitarm/bin/../lib/gcc/arm-none-eabi/5.3.0/../../../../arm-none-eabi/lib/thumb/gba_crt0.o

.gcc_except_table
                0x0800066c        0x0
 *(.gcc_except_table)
                0x0800066c                . = ALIGN (0x4)
                0x0800066c                __iwram_lma = .

.iwram          0x03000000        0x0 load address 0x0800066c
                0x03000000                __iwram_start__ = ABSOLUTE (.)
 *(.iwram)
 *iwram.*(.text)
                0x03000000                . = ALIGN (0x4)
                0x03000000                __iwram_end__ = ABSOLUTE (.)
                0x0800066c                __data_lma = (__iwram_lma + SIZEOF (.iwram))

.bss            0x03000000       0x28
                0x03000000                __bss_start = ABSOLUTE (.)
                0x03000000                __bss_start__ = ABSOLUTE (.)
 *(.dynbss)
 *(.gnu.linkonce.b*)
 *(.bss*)
 .bss           0x03000000       0x1c c:/devkitpro/devkitarm/bin/../lib/gcc/arm-none-eabi/5.3.0/thumb/crtbegin.o
 .bss           0x0300001c        0x4 ../..\libAPIagb.a(key_defs.c.o)
                0x0300001c                previous_key
                0x0300001e                current_key
 .bss           0x03000020        0x8 c:/devkitpro/devkitarm/bin/../lib/gcc/arm-none-eabi/5.3.0/../../../../arm-none-eabi/lib/thumb\libsysbase.a(malloc_vars.o)
                0x03000020                fake_heap_start
                0x03000024                fake_heap_end
 *(COMMON)
                0x03000028                . = ALIGN (0x4)
                0x03000028                __bss_end__ = ABSOLUTE (.)

.data           0x03000028        0x0 load address 0x0800066c
                0x03000028                __data_start__ = ABSOLUTE (.)
 *(.data)
 *(.data.*)
 *(.gnu.linkonce.d*)
                0x03000028                . = ALIGN (0x4)
                0x0800066c                __preinit_lma = (__data_lma + SIZEOF (.data))

.igot.plt       0x03000000        0x0
 .igot.plt      0x03000000        0x0 c:/devkitpro/devkitarm/bin/../lib/gcc/arm-none-eabi/5.3.0/../../../../arm-none-eabi/lib/thumb/gba_crt0.o

.tm_clone_table
                0x03000000        0x0
 .tm_clone_table
                0x03000000        0x0 c:/devkitpro/devkitarm/bin/../lib/gcc/arm-none-eabi/5.3.0/thumb/crtbegin.o
 .tm_clone_table
                0x03000000        0x0 c:/devkitpro/devkitarm/bin/../lib/gcc/arm-none-eabi/5.3.0/thumb/crtend.o

.preinit_array  0x03000028        0x0 load address 0x0800066c
                0x03000028                __preinit_array_start = ABSOLUTE (.)
 *(.preinit_array)
                0x03000028                __preinit_array_end = ABSOLUTE (.)
                0x0800066c                __init_lma = (__preinit_lma + SIZEOF (.preinit_array))

.init_array     0x03000028        0x4 load address 0x0800066c
                0x03000028                __init_array_start = ABSOLUTE (.)
 *(SORT(.init_array.*))
 *(.init_array)
 .init_array    0x03000028        0x4 c:/devkitpro/devkitarm/bin/../lib/gcc/arm-none-eabi/5.3.0/thumb/crtbegin.o
                0x0300002c                __init_array_end = ABSOLUTE (.)
                0x08000670                __fini_lma = (__init_lma + SIZEOF (.init_array))

.fini_array     0x0300002c        0x4 load address 0x08000670
                0x0300002c                __fini_array_start = ABSOLUTE (.)
 *(SORT(.fini_array.*))
 *(.fini_array)
 .fini_array    0x0300002c        0x4 c:/devkitpro/devkitarm/bin/../lib/gcc/arm-none-eabi/5.3.0/thumb/crtbegin.o
                0x03000030                __fini_array_end = ABSOLUTE (.)
                0x08000674                __jcr_lma = (__fini_lma + SIZEOF (.fini_array))

.jcr            0x03000030        0x4 load address 0x08000674
 *(.jcr)
 .jcr           0x03000030        0x0 c:/devkitpro/devkitarm/bin/../lib/gcc/arm-none-eabi/5.3.0/thumb/crtbegin.o
 .jcr           0x03000030        0x4 c:/devkitpro/devkitarm/bin/../lib/gcc/arm-none-eabi/5.3.0/thumb/crtend.o
                0x03000034                __data_end__ = ABSOLUTE (.)
                0x08000678                __iwram_overlay_lma = (__jcr_lma + SIZEOF (.jcr))
                0x03000034                __iwram_overlay_start = .

.iwram0         0x03000034        0x0 load address 0x08000678
 *(.iwram0)
                0x03000034                . = ALIGN (0x4)
                0x08000678                PROVIDE (__load_start_iwram0, LOADADDR (.iwram0))
                0x08000678                PROVIDE (__load_stop_iwram0, (LOADADDR (.iwram0) + SIZEOF (.iwram0)))

.iwram1         0x03000034        0x0
 *(.iwram1)
                0x03000034                . = ALIGN (0x4)
                [!provide]                PROVIDE (__load_start_iwram1, LOADADDR (.iwram1))
                [!provide]                PROVIDE (__load_stop_iwram1, (LOADADDR (.iwram1) + SIZEOF (.iwram1)))

.iwram2         0x03000034        0x0
 *(.iwram2)
                0x03000034                . = ALIGN (0x4)
                [!provide]                PROVIDE (__load_start_iwram2, LOADADDR (.iwram2))
                [!provide]                PROVIDE (__load_stop_iwram2, (LOADADDR (.iwram2) + SIZEOF (.iwram2)))

.iwram3         0x03000034        0x0
 *(.iwram3)
                0x03000034                . = ALIGN (0x4)
                [!provide]                PROVIDE (__load_start_iwram3, LOADADDR (.iwram3))
                [!provide]                PROVIDE (__load_stop_iwram3, (LOADADDR (.iwram3) + SIZEOF (.iwram3)))

.iwram4         0x03000034        0x0
 *(.iwram4)
                0x03000034                . = ALIGN (0x4)
                [!provide]                PROVIDE (__load_start_iwram4, LOADADDR (.iwram4))
                [!provide]                PROVIDE (__load_stop_iwram4, (LOADADDR (.iwram4) + SIZEOF (.iwram4)))

.iwram5         0x03000034        0x0
 *(.iwram5)
                0x03000034                . = ALIGN (0x4)
                [!provide]                PROVIDE (__load_start_iwram5, LOADADDR (.iwram5))
                [!provide]                PROVIDE (__load_stop_iwram5, (LOADADDR (.iwram5) + SIZEOF (.iwram5)))

.iwram6         0x03000034        0x0
 *(.iwram6)
                0x03000034                . = ALIGN (0x4)
                [!provide]                PROVIDE (__load_start_iwram6, LOADADDR (.iwram6))
                [!provide]                PROVIDE (__load_stop_iwram6, (LOADADDR (.iwram6) + SIZEOF (.iwram6)))

.iwram7         0x03000034        0x0
 *(.iwram7)
                0x03000034                . = ALIGN (0x4)
                [!provide]                PROVIDE (__load_start_iwram7, LOADADDR (.iwram7))
                [!provide]                PROVIDE (__load_stop_iwram7, (LOADADDR (.iwram7) + SIZEOF (.iwram7)))

.iwram8         0x03000034        0x0
 *(.iwram8)
                0x03000034                . = ALIGN (0x4)
                [!provide]                PROVIDE (__load_start_iwram8, LOADADDR (.iwram8))
                [!provide]                PROVIDE (__load_stop_iwram8, (LOADADDR (.iwram8) + SIZEOF (.iwram8)))

.iwram9         0x03000034        0x0
 *(.iwram9)
                0x03000034                . = ALIGN (0x4)
                [!provide]                PROVIDE (__load_start_iwram9, LOADADDR (.iwram9))
                [!provide]                PROVIDE (__load_stop_iwram9, (LOADADDR (.iwram9) + SIZEOF (.iwram9)))
                0x03000034                __iwram_overlay_end = .
                0x08000678                __ewram_lma = (__iwram_overlay_lma + (__iwram_overlay_end - __iwram_overlay_start))
                0x03000034                __iheap_start = .
                0x02000000                __ewram_start = ORIGIN (ewram)

.ewram          0x02000000        0x0 load address 0x08000678
 *(.ewram)
                0x02000000                . = ALIGN (0x4)
                0x02000000                __ewram_end = ABSOLUTE (.)
                0x08000678                __pad_lma = (__ewram_lma + SIZEOF (.ewram))

.sbss           0x02000000        0x0
                0x02000000                __sbss_start__ = ABSOLUTE (.)
 *(.sbss)
                0x02000000                . = ALIGN (0x4)
                0x02000000                __sbss_end__ = ABSOLUTE (.)
                0x02000000                __end__ = ABSOLUTE (.)
                0x02000000                __eheap_start = ABSOLUTE (.)

.pad            0x02000000        0x8 load address 0x08000678
                0x02000000        0x4 LONG 0x52416b64
                0x02000004        0x4 LONG 0x4d
                0x02000008                . = ALIGN (0x4)
                0x08000680                __rom_end__ = (__pad_lma + SIZEOF (.pad))

.stab
 *(.stab)

.stabstr
 *(.stabstr)

.stab.excl
 *(.stab.excl)

.stab.exclstr
 *(.stab.exclstr)

.stab.index
 *(.stab.index)

.stab.indexstr
 *(.stab.indexstr)

.comment        0x00000000       0x22
 *(.comment)
 .comment       0x00000000       0x22 c:/devkitpro/devkitarm/bin/../lib/gcc/arm-none-eabi/5.3.0/thumb/crtbegin.o
                                 0x23 (size before relaxing)
 .comment       0x00000022       0x23 build/main.c.o
 .comment       0x00000022       0x23 build/marioBros.c.o
 .comment       0x00000022       0x23 build/marioPal.c.o
 .comment       0x00000022       0x23 ../..\libAPIagb.a(vsync.c.o)
 .comment       0x00000022       0x23 ../..\libAPIagb.a(key_defs.c.o)
 .comment       0x00000022       0x23 ../..\libAPIagb.a(obj_clear_all.c.o)
 .comment       0x00000022       0x23 ../..\libAPIagb.a(obj_palette_32.c.o)
 .comment       0x00000022       0x23 ../..\libAPIagb.a(obj_tiles_32.c.o)
 .comment       0x00000022       0x23 ../..\libAPIagb.a(ob_aff_identity.c.o)
 .comment       0x00000022       0x23 c:/devkitpro/devkitarm/bin/../lib/gcc/arm-none-eabi/5.3.0/../../../../arm-none-eabi/lib/thumb\libg.a(lib_a-init.o)
 .comment       0x00000022       0x23 c:/devkitpro/devkitarm/bin/../lib/gcc/arm-none-eabi/5.3.0/../../../../arm-none-eabi/lib/thumb\libsysbase.a(malloc_vars.o)
 .comment       0x00000022       0x23 c:/devkitpro/devkitarm/bin/../lib/gcc/arm-none-eabi/5.3.0/thumb/crtend.o

.debug
 *(.debug)

.line
 *(.line)

.debug_srcinfo
 *(.debug_srcinfo)

.debug_sfnames
 *(.debug_sfnames)

.debug_aranges  0x00000000      0x108
 *(.debug_aranges)
 .debug_aranges
                0x00000000       0x20 build/main.c.o
 .debug_aranges
                0x00000020       0x18 build/marioBros.c.o
 .debug_aranges
                0x00000038       0x18 build/marioPal.c.o
 .debug_aranges
                0x00000050       0x20 ../..\libAPIagb.a(vsync.c.o)
 .debug_aranges
                0x00000070       0x18 ../..\libAPIagb.a(key_defs.c.o)
 .debug_aranges
                0x00000088       0x20 ../..\libAPIagb.a(obj_clear_all.c.o)
 .debug_aranges
                0x000000a8       0x20 ../..\libAPIagb.a(obj_palette_32.c.o)
 .debug_aranges
                0x000000c8       0x20 ../..\libAPIagb.a(obj_tiles_32.c.o)
 .debug_aranges
                0x000000e8       0x20 ../..\libAPIagb.a(ob_aff_identity.c.o)

.debug_pubnames
 *(.debug_pubnames)

.debug_info     0x00000000      0xb97
 *(.debug_info)
 .debug_info    0x00000000      0x4fc build/main.c.o
 .debug_info    0x000004fc       0x52 build/marioBros.c.o
 .debug_info    0x0000054e       0x52 build/marioPal.c.o
 .debug_info    0x000005a0       0x8d ../..\libAPIagb.a(vsync.c.o)
 .debug_info    0x0000062d       0x91 ../..\libAPIagb.a(key_defs.c.o)
 .debug_info    0x000006be       0xfa ../..\libAPIagb.a(obj_clear_all.c.o)
 .debug_info    0x000007b8       0xef ../..\libAPIagb.a(obj_palette_32.c.o)
 .debug_info    0x000008a7      0x1a9 ../..\libAPIagb.a(obj_tiles_32.c.o)
 .debug_info    0x00000a50      0x147 ../..\libAPIagb.a(ob_aff_identity.c.o)

.debug_abbrev   0x00000000      0x56d
 *(.debug_abbrev)
 .debug_abbrev  0x00000000      0x19e build/main.c.o
 .debug_abbrev  0x0000019e       0x45 build/marioBros.c.o
 .debug_abbrev  0x000001e3       0x45 build/marioPal.c.o
 .debug_abbrev  0x00000228       0x56 ../..\libAPIagb.a(vsync.c.o)
 .debug_abbrev  0x0000027e       0x44 ../..\libAPIagb.a(key_defs.c.o)
 .debug_abbrev  0x000002c2       0x96 ../..\libAPIagb.a(obj_clear_all.c.o)
 .debug_abbrev  0x00000358       0x7d ../..\libAPIagb.a(obj_palette_32.c.o)
 .debug_abbrev  0x000003d5       0xee ../..\libAPIagb.a(obj_tiles_32.c.o)
 .debug_abbrev  0x000004c3       0xaa ../..\libAPIagb.a(ob_aff_identity.c.o)

.debug_line     0x00000000      0x564
 *(.debug_line)
 .debug_line    0x00000000      0x217 build/main.c.o
 .debug_line    0x00000217       0x30 build/marioBros.c.o
 .debug_line    0x00000247       0x2f build/marioPal.c.o
 .debug_line    0x00000276       0x6e ../..\libAPIagb.a(vsync.c.o)
 .debug_line    0x000002e4       0x55 ../..\libAPIagb.a(key_defs.c.o)
 .debug_line    0x00000339       0x9c ../..\libAPIagb.a(obj_clear_all.c.o)
 .debug_line    0x000003d5       0x74 ../..\libAPIagb.a(obj_palette_32.c.o)
 .debug_line    0x00000449       0x84 ../..\libAPIagb.a(obj_tiles_32.c.o)
 .debug_line    0x000004cd       0x97 ../..\libAPIagb.a(ob_aff_identity.c.o)

.debug_frame    0x00000000       0xf0
 *(.debug_frame)
 .debug_frame   0x00000000       0x3c build/main.c.o
 .debug_frame   0x0000003c       0x20 ../..\libAPIagb.a(vsync.c.o)
 .debug_frame   0x0000005c       0x20 ../..\libAPIagb.a(obj_clear_all.c.o)
 .debug_frame   0x0000007c       0x20 ../..\libAPIagb.a(obj_palette_32.c.o)
 .debug_frame   0x0000009c       0x28 ../..\libAPIagb.a(obj_tiles_32.c.o)
 .debug_frame   0x000000c4       0x2c ../..\libAPIagb.a(ob_aff_identity.c.o)

.debug_str      0x00000000      0x3e5
 *(.debug_str)
 .debug_str     0x00000000      0x2d4 build/main.c.o
                                0x327 (size before relaxing)
 .debug_str     0x000002d4       0x10 build/marioBros.c.o
                                 0xcb (size before relaxing)
 .debug_str     0x000002e4        0xf build/marioPal.c.o
                                 0xc8 (size before relaxing)
 .debug_str     0x000002f3       0x24 ../..\libAPIagb.a(vsync.c.o)
                                0x122 (size before relaxing)
 .debug_str     0x00000317       0x18 ../..\libAPIagb.a(key_defs.c.o)
                                0x132 (size before relaxing)
 .debug_str     0x0000032f       0x28 ../..\libAPIagb.a(obj_clear_all.c.o)
                                0x158 (size before relaxing)
 .debug_str     0x00000357       0x24 ../..\libAPIagb.a(obj_palette_32.c.o)
                                0x13c (size before relaxing)
 .debug_str     0x0000037b       0x4a ../..\libAPIagb.a(obj_tiles_32.c.o)
                                0x16b (size before relaxing)
 .debug_str     0x000003c5       0x20 ../..\libAPIagb.a(ob_aff_identity.c.o)
                                0x15a (size before relaxing)

.debug_loc      0x00000000      0x269
 *(.debug_loc)
 .debug_loc     0x00000000       0xf6 build/main.c.o
 .debug_loc     0x000000f6       0x14 ../..\libAPIagb.a(obj_clear_all.c.o)
 .debug_loc     0x0000010a       0xa6 ../..\libAPIagb.a(obj_palette_32.c.o)
 .debug_loc     0x000001b0       0xb9 ../..\libAPIagb.a(obj_tiles_32.c.o)

.debug_macinfo
 *(.debug_macinfo)

.debug_weaknames
 *(.debug_weaknames)

.debug_funcnames
 *(.debug_funcnames)

.debug_typenames
 *(.debug_typenames)

.debug_varnames
 *(.debug_varnames)

.stack          0x00080000        0x0
                0x00080000                _stack = .
 *(.stack)

.note.gnu.arm.ident
 *(.note.gnu.arm.ident)

.ARM.attributes
                0x00000000       0x2b
 *(.ARM.attributes)
 .ARM.attributes
                0x00000000       0x16 c:/devkitpro/devkitarm/bin/../lib/gcc/arm-none-eabi/5.3.0/../../../../arm-none-eabi/lib/thumb/gba_crt0.o
 .ARM.attributes
                0x00000016       0x16 c:/devkitpro/devkitarm/bin/../lib/gcc/arm-none-eabi/5.3.0/thumb/crti.o
 .ARM.attributes
                0x0000002c       0x30 c:/devkitpro/devkitarm/bin/../lib/gcc/arm-none-eabi/5.3.0/thumb/crtbegin.o
 .ARM.attributes
                0x0000005c       0x2c build/main.c.o
 .ARM.attributes
                0x00000088       0x2c build/marioBros.c.o
 .ARM.attributes
                0x000000b4       0x2c build/marioPal.c.o
 .ARM.attributes
                0x000000e0       0x2c ../..\libAPIagb.a(vsync.c.o)
 .ARM.attributes
                0x0000010c       0x2c ../..\libAPIagb.a(key_defs.c.o)
 .ARM.attributes
                0x00000138       0x2c ../..\libAPIagb.a(obj_clear_all.c.o)
 .ARM.attributes
                0x00000164       0x2c ../..\libAPIagb.a(obj_palette_32.c.o)
 .ARM.attributes
                0x00000190       0x2c ../..\libAPIagb.a(obj_tiles_32.c.o)
 .ARM.attributes
                0x000001bc       0x2c ../..\libAPIagb.a(ob_aff_identity.c.o)
 .ARM.attributes
                0x000001e8       0x30 c:/devkitpro/devkitarm/bin/../lib/gcc/arm-none-eabi/5.3.0/../../../../arm-none-eabi/lib/thumb\libg.a(lib_a-init.o)
 .ARM.attributes
                0x00000218       0x30 c:/devkitpro/devkitarm/bin/../lib/gcc/arm-none-eabi/5.3.0/../../../../arm-none-eabi/lib/thumb\libsysbase.a(malloc_vars.o)
 .ARM.attributes
                0x00000248       0x30 c:/devkitpro/devkitarm/bin/../lib/gcc/arm-none-eabi/5.3.0/thumb/crtend.o
 .ARM.attributes
                0x00000278       0x16 c:/devkitpro/devkitarm/bin/../lib/gcc/arm-none-eabi/5.3.0/thumb/crtn.o

/DISCARD/
 *(.note.GNU-stack)
LOAD c:/devkitpro/devkitarm/bin/../lib/gcc/arm-none-eabi/5.3.0/../../../../arm-none-eabi/lib/thumb/gba_crt0.o
LOAD c:/devkitpro/devkitarm/bin/../lib/gcc/arm-none-eabi/5.3.0/thumb/crti.o
LOAD c:/devkitpro/devkitarm/bin/../lib/gcc/arm-none-eabi/5.3.0/thumb/crtbegin.o
LOAD build/main.c.o
LOAD build/marioBros.c.o
LOAD build/marioPal.c.o
LOAD ../..\libAPIagb.a
START GROUP
LOAD c:/devkitpro/devkitarm/bin/../lib/gcc/arm-none-eabi/5.3.0/thumb\libgcc.a
LOAD c:/devkitpro/devkitarm/bin/../lib/gcc/arm-none-eabi/5.3.0/../../../../arm-none-eabi/lib/thumb\libg.a
LOAD c:/devkitpro/devkitarm/bin/../lib/gcc/arm-none-eabi/5.3.0/../../../../arm-none-eabi/lib/thumb\libc.a
LOAD c:/devkitpro/devkitarm/bin/../lib/gcc/arm-none-eabi/5.3.0/../../../../arm-none-eabi/lib/thumb\libsysbase.a
END GROUP
LOAD c:/devkitpro/devkitarm/bin/../lib/gcc/arm-none-eabi/5.3.0/thumb/crtend.o
LOAD c:/devkitpro/devkitarm/bin/../lib/gcc/arm-none-eabi/5.3.0/thumb/crtn.o
OUTPUT(build/SpriteDemo.elf elf32-littlearm)

.debug_ranges   0x00000000       0x28
 .debug_ranges  0x00000000       0x28 build/main.c.o
